App.tsx(2,22): error TS2307: Cannot find module './mentoriagpsemprearial/components/Hero' or its corresponding type declarations.
App.tsx(3,28): error TS2307: Cannot find module './mentoriagpsemprearial/components/PainPoints' or its corresponding type declarations.
App.tsx(4,26): error TS2307: Cannot find module './mentoriagpsemprearial/components/Solution' or its corresponding type declarations.
App.tsx(5,30): error TS2307: Cannot find module './mentoriagpsemprearial/components/Deliverables' or its corresponding type declarations.
App.tsx(6,31): error TS2307: Cannot find module './mentoriagpsemprearial/components/WhatsIncluded' or its corresponding type declarations.
App.tsx(7,24): error TS2307: Cannot find module './mentoriagpsemprearial/components/Mentor' or its corresponding type declarations.
App.tsx(8,30): error TS2307: Cannot find module './mentoriagpsemprearial/components/Testimonials' or its corresponding type declarations.
App.tsx(9,25): error TS2307: Cannot find module './mentoriagpsemprearial/components/Pricing' or its corresponding type declarations.
App.tsx(10,21): error TS2307: Cannot find module './mentoriagpsemprearial/components/FAQ' or its corresponding type declarations.
App.tsx(11,24): error TS2307: Cannot find module './mentoriagpsemprearial/components/Footer' or its corresponding type declarations.
App.tsx(12,32): error TS2307: Cannot find module './mentoriagpsemprearial/components/WhatsAppButton' or its corresponding type declarations.
App.tsx(13,27): error TS2307: Cannot find module './mentoriagpsemprearial/components/StickyBar' or its corresponding type declarations.
App.tsx(14,30): error TS2307: Cannot find module './mentoriagpsemprearial/components/WhoIsThisFor' or its corresponding type declarations.
components/Deliverables.tsx(3,30): error TS2307: Cannot find module '../../constants' or its corresponding type declarations.
components/FAQ.tsx(3,27): error TS2307: Cannot find module '../../constants' or its corresponding type declarations.
components/PainPoints.tsx(3,29): error TS2307: Cannot find module '../../constants' or its corresponding type declarations.
components/Solution.tsx(3,25): error TS2307: Cannot find module '../../constants' or its corresponding type declarations.
components/Testimonials.tsx(3,30): error TS2307: Cannot find module '../../constants' or its corresponding type declarations.
